-1
217
124
333
-1
399
-1
-1
-1
-1
998
209
-1
770
747
-1
-1
-1
625
-1
581
380
882
179
-1
949
-1
66
-1
-1
-1
-1
301
-1
320
-1
-1
580
-1
-1
135
-1
673
207
82
417
-1
857
-1
731
374
207
-1
-1
-1
614
-1
-1
625
22
517
-1
123
-1
-1
914
159
960
-1
791
-1
446
136
832
-1
516
374
837
12
435
756
801
981
376
5
-1
622
842
-1
881
692
-1
744
-1
257
-1
-1
-1
455
-1
956
-1
105
-1
653
-1
-1
-1
-1
965
-1
-1
452
-1
43
73
445
368
331
-1
652
-1
-1
8
769
910
517
756
66
-1
-1
978
-1
-1
-1
735
534
951
-1
-1
-1
-1
-1
393
150
-1
662
-1
-1
-1
-1
-1
-1
-1
573
513
758
-1
-1
-1
665
-1
934
-1
-1
318
-1
880
624
-1
-1
-1
590
614
-1
-1
896
-1
-1
883
-1
-1
-1
-1
-1
267
-1
36
43
-1
896
-1
-1
801
-1
-1
-1
-1
624
-1
489
174
-1
-1
292
-1
41
635
458
551
674
610
-1
-1
665
-1
471
127
-1
-1
232
209
-1
735
-1
-1
-1
-1
72
-1
879
692
564
-1
735
-1
891
589
103
-1
-1
773
635
302
786
-1
-1
-1
262
-1
