2406
929
2448
-1
-1
-1
-1
2104
3842
315
3578
3899
3172
1672
4202
-1
3953
284
-1
3717
-1
4019
2953
3484
3292
4854
403
595
454
1189
1829
4428
962
187
1647
1686
-1
-1
1427
-1
-1
1297
4424
1980
4400
3337
1880
1326
4696
3502
2094
4251
-1
2530
41
1609
1417
-1
2516
1126
2047
-1
2099
4847
4555
-1
3757
3341
1290
-1
1574
-1
4259
1913
1574
438
4162
2834
-1
4509
1418
-1
2819
527
1205
139
5134
2934
361
3330
-1
4716
-1
2294
-1
-1
146
53
555
3939
