26003
26003
21932
4873
22851
17596
5788
30096
30096
30096
30096
259
17599
6198
21217
21217
9744
9744
30096
30096
17596
12258
32142
26833
26833
26833
13056
26690
11820
23814
23814
23814
23814
11820
22031
9072
9072
9072
21737
