262 557 771 1132 1385 1542 1806 1857 1870 2624 2775 4200 4332 4490 5396 5419 5500 5547 5694 5718 6583 6970 7106 7216 7225 7324 7640 8061 8786 9429 9465 9575 9994 10024 10501 12203 13116 14223 14249 14850 15085 16034 16396 16597 16681 16839 17574 18548 18563 18828 18833 19199 19260 19575 20665 20675 20748 21057 21082 21128 21533 21755 21768 22323 22351 22903 23080 23711 24289 24513 24529 25091 25443 25549 26597 26643 26658 26792 26983 27427 27453 27669 27990 28637 28762 28989 29009 29141 29440 29803 29985 30405 30466 30723 30840 31808 32257 32387 32515 32713 