400 1075 2523 3894 8820 13493 18323 20299 29559 31814 