814 1029 1189 2232 3462 3705 4179 5377 5640 6369 7710 8395 9794 11311 13057 13077 13264 13538 13715 14141 14394 15949 16536 16756 17010 17130 17687 18174 19045 19388 19889 19991 20118 20274 21051 22528 23055 23381 24595 25562 26983 26993 27656 29629 29780 30572 31893 32190 32214 32417 