-1
-1
-1
-1
-1
-1
154
-1
252
-1
-1
-1
-1
-1
137
-1
-1
-1
94
-1
-1
-1
-1
-1
-1
-1
-1
-1
-1
-1
