288738
11763
274125
158916
242303
168639
37375
207530
159621
291064
154970
174609
273219
280022
180568
181072
129692
116637
254735
767
262123
286055
19828
261675
276571
53168
84502
185760
117049
5391
274757
168438
14794
142207
161909
243768
184588
226454
290432
28746
272331
274061
299286
199034
220321
99622
168364
289580
153240
295522
172946
66310
47221
261584
82708
168273
90704
157470
86516
267717
97987
4183
83459
39164
82785
99325
116381
291741
50142
174993
90096
257784
221098
267726
50683
84026
44512
118340
70000
23500
204858
79933
109350
277980
293078
52193
105211
179432
239111
15471
55828
66456
274016
184597
46489
48348
25990
154650
295261
203113
